// Jest Snapshot v1, https://goo.gl/fbAQLP

exports[`DecoratedNavLink component renders match snapshot 1`] = `
"<MemoryRouter>
  <Router history={{...}}>
    <DecoratedNavLink to=\\"some-url\\">
      <NavLink to=\\"some-url\\" activeClassName=\\"Mui-selected\\">
        <Link aria-current={{...}} className={[undefined]} style={[undefined]} to={{...}}>
          <LinkAnchor aria-current={{...}} className={[undefined]} style={[undefined]} href=\\"/some-url\\" navigate={[Function: navigate]}>
            <a aria-current={{...}} className={[undefined]} style={[undefined]} href=\\"/some-url\\" onClick={[Function: onClick]} />
          </LinkAnchor>
        </Link>
      </NavLink>
    </DecoratedNavLink>
  </Router>
</MemoryRouter>"
`;

exports[`NavigationMenuItem Component match snapshot 1`] = `
"<MemoryRouter>
  <Router history={{...}}>
    <NavigationMenuItem classes={{...}} label=\\"habits\\" url=\\"/habits\\" icon=\\"flag-checkered\\">
      <WithStyles(ForwardRef(BottomNavigationAction)) classes={{...}} component={[function]} to=\\"/habits\\" label=\\"habits\\" icon={{...}} showLabel={true}>
        <ForwardRef(BottomNavigationAction) classes={{...}} component={[function]} to=\\"/habits\\" label=\\"habits\\" icon={{...}} showLabel={true}>
          <WithStyles(ForwardRef(ButtonBase)) className=\\"MuiBottomNavigationAction-root nav-menu-item-root\\" focusRipple={true} onClick={[Function: handleChange]} component={[function]} to=\\"/habits\\">
            <ForwardRef(ButtonBase) classes={{...}} className=\\"MuiBottomNavigationAction-root nav-menu-item-root\\" focusRipple={true} onClick={[Function: handleChange]} component={[function]} to=\\"/habits\\">
              <DecoratedNavLink className=\\"MuiButtonBase-root MuiBottomNavigationAction-root nav-menu-item-root\\" onBlur={[Function]} onClick={[Function: handleChange]} onFocus={[Function]} onKeyDown={[Function]} onKeyUp={[Function]} onMouseDown={[Function]} onMouseLeave={[Function]} onMouseUp={[Function]} onDragLeave={[Function]} onTouchEnd={[Function]} onTouchMove={[Function]} onTouchStart={[Function]} tabIndex={0} role=\\"button\\" aria-disabled={false} to=\\"/habits\\">
                <NavLink className=\\"MuiButtonBase-root MuiBottomNavigationAction-root nav-menu-item-root\\" onBlur={[Function]} onClick={[Function: handleChange]} onFocus={[Function]} onKeyDown={[Function]} onKeyUp={[Function]} onMouseDown={[Function]} onMouseLeave={[Function]} onMouseUp={[Function]} onDragLeave={[Function]} onTouchEnd={[Function]} onTouchMove={[Function]} onTouchStart={[Function]} tabIndex={0} role=\\"button\\" aria-disabled={false} to=\\"/habits\\" activeClassName=\\"Mui-selected\\">
                  <Link aria-current={{...}} className=\\"MuiButtonBase-root MuiBottomNavigationAction-root nav-menu-item-root\\" style={[undefined]} to={{...}} onBlur={[Function]} onClick={[Function: handleChange]} onFocus={[Function]} onKeyDown={[Function]} onKeyUp={[Function]} onMouseDown={[Function]} onMouseLeave={[Function]} onMouseUp={[Function]} onDragLeave={[Function]} onTouchEnd={[Function]} onTouchMove={[Function]} onTouchStart={[Function]} tabIndex={0} role=\\"button\\" aria-disabled={false}>
                    <LinkAnchor aria-current={{...}} className=\\"MuiButtonBase-root MuiBottomNavigationAction-root nav-menu-item-root\\" style={[undefined]} onBlur={[Function]} onClick={[Function: handleChange]} onFocus={[Function]} onKeyDown={[Function]} onKeyUp={[Function]} onMouseDown={[Function]} onMouseLeave={[Function]} onMouseUp={[Function]} onDragLeave={[Function]} onTouchEnd={[Function]} onTouchMove={[Function]} onTouchStart={[Function]} tabIndex={0} role=\\"button\\" aria-disabled={false} href=\\"/habits\\" navigate={[Function: navigate]}>
                      <a aria-current={{...}} className=\\"MuiButtonBase-root MuiBottomNavigationAction-root nav-menu-item-root\\" style={[undefined]} onBlur={[Function]} onFocus={[Function]} onKeyDown={[Function]} onKeyUp={[Function]} onMouseDown={[Function]} onMouseLeave={[Function]} onMouseUp={[Function]} onDragLeave={[Function]} onTouchEnd={[Function]} onTouchMove={[Function]} onTouchStart={[Function]} tabIndex={0} role=\\"button\\" aria-disabled={false} href=\\"/habits\\" onClick={[Function: onClick]}>
                        <span className=\\"MuiBottomNavigationAction-wrapper\\">
                          <MaterialDesignIcon className=\\"nav-menu-item-icon\\" name=\\"flag-checkered\\">
                            <span className=\\"material-icon mdi mdi-flag-checkered nav-menu-item-icon\\" style={[undefined]} />
                          </MaterialDesignIcon>
                          <span className=\\"MuiBottomNavigationAction-label nav-menu-item-label\\">
                            habits
                          </span>
                        </span>
                        <NoSsr>
                          <WithStyles(undefined) center={false}>
                            <ForwardRef(TouchRipple) classes={{...}} center={false}>
                              <span className=\\"MuiTouchRipple-root\\">
                                <TransitionGroup component={{...}} exit={true} childFactory={[Function: childFactory]} />
                              </span>
                            </ForwardRef(TouchRipple)>
                          </WithStyles(undefined)>
                        </NoSsr>
                      </a>
                    </LinkAnchor>
                  </Link>
                </NavLink>
              </DecoratedNavLink>
            </ForwardRef(ButtonBase)>
          </WithStyles(ForwardRef(ButtonBase))>
        </ForwardRef(BottomNavigationAction)>
      </WithStyles(ForwardRef(BottomNavigationAction))>
    </NavigationMenuItem>
  </Router>
</MemoryRouter>"
`;
